
  [32m[1mVITE[22m v6.4.3[39m  [2mready in [0m[1m991[22m[2m[0m ms[22m

  [32m➜[39m  [1mLocal[22m:   [36mhttp://127.0.0.1:[1m5173[22m/[39m
[2m[32m  ➜[39m[22m[2m  press [22m[1mh + enter[22m[2m to show help[22m
[2m5:06:58 pm[22m [36m[1m[vite][22m[39m [90m[2m(client)[22m[39m [32mpage reload [39m[2mindex.html[22m
[2m5:07:01 pm[22m [36m[1m[vite][22m[39m [90m[2m(client)[22m[39m [32mhmr update [39m[2m/styles.css?direct[22m
[2m5:07:02 pm[22m [31m[1m[vite][22m[39m [31mInternal server error: [postcss] C:/Users/mahes/OneDrive/Documents/NNR Global Technologies/styles.css:616:15: Unknown word relative[39m
  Plugin: [35mvite:css[39m
  File: [36mC:/Users/mahes/OneDrive/Documents/NNR Global Technologies/styles.css[39m:616:14
[33m  614|  .case-badge-top { position: absolute; top: 1.2rem; left: 1.2rem; background: rgba(4, 8, 22, 0.85); border: 1px solid rgba(255, 255, 255, 0.15); padding: 5px 14px; border-radius: 100px; font-size: 0.76rem; font-weight: 600; color: #FFFFFF; backdrop-filter: blur(10px); z-index: 2; display: flex; align-items: center; gap: 6px; }
  615|  .case-visual { width: 100%; height: 100%; display: flex; align-items: center; justify-content: center; position: relative; }
  616|  .cv-circles { relative; width: 100px; height: 100px; display: flex; align-items: center; justify-content: center; }
     |                ^
  617|  .cv-circle { position: absolute; border-radius: 50%; border: 1.5px solid rgba(167, 139, 250, 0.6); }
  618|  .cv-circle.c1 { width: 90px; height: 90px; border-color: rgba(6, 182, 212, 0.4); animation: pulseDot 3s infinite alternate; }[39m
      at Input.error (C:\Users\mahes\OneDrive\Documents\NNR Global Technologies\node_modules\postcss\lib\input.js:135:16)
      at Parser.unknownWord (C:\Users\mahes\OneDrive\Documents\NNR Global Technologies\node_modules\postcss\lib\parser.js:602:22)
      at Parser.other (C:\Users\mahes\OneDrive\Documents\NNR Global Technologies\node_modules\postcss\lib\parser.js:444:12)
      at Parser.parse (C:\Users\mahes\OneDrive\Documents\NNR Global Technologies\node_modules\postcss\lib\parser.js:479:16)
      at parse (C:\Users\mahes\OneDrive\Documents\NNR Global Technologies\node_modules\postcss\lib\parse.js:11:12)
      at new LazyResult (C:\Users\mahes\OneDrive\Documents\NNR Global Technologies\node_modules\postcss\lib\lazy-result.js:171:16)
      at Processor.process (C:\Users\mahes\OneDrive\Documents\NNR Global Technologies\node_modules\postcss\lib\processor.js:53:14)
      at runPostCSS (file:///C:/Users/mahes/OneDrive/Documents/NNR%20Global%20Technologies/node_modules/vite/dist/node/chunks/dep-Dm0c1Wj2.js:43983:52)
      at async compilePostCSS (file:///C:/Users/mahes/OneDrive/Documents/NNR%20Global%20Technologies/node_modules/vite/dist/node/chunks/dep-Dm0c1Wj2.js:43953:18)
      at async compileCSS (file:///C:/Users/mahes/OneDrive/Documents/NNR%20Global%20Technologies/node_modules/vite/dist/node/chunks/dep-Dm0c1Wj2.js:43808:27)
[2m5:07:21 pm[22m [36m[1m[vite][22m[39m [90m[2m(client)[22m[39m [32mhmr update [39m[2m/styles.css?direct[22m
[2m5:07:39 pm[22m [31m[1m[vite][22m[39m [31mInternal server error: [postcss] C:/Users/mahes/OneDrive/Documents/NNR Global Technologies/styles.css:616:15: Unknown word relative[39m
  Plugin: [35mvite:css[39m
  File: [36mC:/Users/mahes/OneDrive/Documents/NNR Global Technologies/styles.css[39m:616:14
[33m  614|  .case-badge-top { position: absolute; top: 1.2rem; left: 1.2rem; background: rgba(4, 8, 22, 0.85); border: 1px solid rgba(255, 255, 255, 0.15); padding: 5px 14px; border-radius: 100px; font-size: 0.76rem; font-weight: 600; color: #FFFFFF; backdrop-filter: blur(10px); z-index: 2; display: flex; align-items: center; gap: 6px; }
  615|  .case-visual { width: 100%; height: 100%; display: flex; align-items: center; justify-content: center; position: relative; }
  616|  .cv-circles { relative; width: 100px; height: 100px; display: flex; align-items: center; justify-content: center; }
     |                ^
  617|  .cv-circle { position: absolute; border-radius: 50%; border: 1.5px solid rgba(167, 139, 250, 0.6); }
  618|  .cv-circle.c1 { width: 90px; height: 90px; border-color: rgba(6, 182, 212, 0.4); animation: pulseDot 3s infinite alternate; }[39m
      at Input.error (C:\Users\mahes\OneDrive\Documents\NNR Global Technologies\node_modules\postcss\lib\input.js:135:16)
      at Parser.unknownWord (C:\Users\mahes\OneDrive\Documents\NNR Global Technologies\node_modules\postcss\lib\parser.js:602:22)
      at Parser.other (C:\Users\mahes\OneDrive\Documents\NNR Global Technologies\node_modules\postcss\lib\parser.js:444:12)
      at Parser.parse (C:\Users\mahes\OneDrive\Documents\NNR Global Technologies\node_modules\postcss\lib\parser.js:479:16)
      at parse (C:\Users\mahes\OneDrive\Documents\NNR Global Technologies\node_modules\postcss\lib\parse.js:11:12)
      at new LazyResult (C:\Users\mahes\OneDrive\Documents\NNR Global Technologies\node_modules\postcss\lib\lazy-result.js:171:16)
      at Processor.process (C:\Users\mahes\OneDrive\Documents\NNR Global Technologies\node_modules\postcss\lib\processor.js:53:14)
      at runPostCSS (file:///C:/Users/mahes/OneDrive/Documents/NNR%20Global%20Technologies/node_modules/vite/dist/node/chunks/dep-Dm0c1Wj2.js:43983:52)
      at async compilePostCSS (file:///C:/Users/mahes/OneDrive/Documents/NNR%20Global%20Technologies/node_modules/vite/dist/node/chunks/dep-Dm0c1Wj2.js:43953:18)
      at async compileCSS (file:///C:/Users/mahes/OneDrive/Documents/NNR%20Global%20Technologies/node_modules/vite/dist/node/chunks/dep-Dm0c1Wj2.js:43808:27)
[2m5:08:01 pm[22m [31m[1m[vite][22m[39m [31mInternal server error: [postcss] C:/Users/mahes/OneDrive/Documents/NNR Global Technologies/styles.css:616:15: Unknown word relative[39m
  Plugin: [35mvite:css[39m
  File: [36mC:/Users/mahes/OneDrive/Documents/NNR Global Technologies/styles.css[39m:616:14
[33m  614|  .case-badge-top { position: absolute; top: 1.2rem; left: 1.2rem; background: rgba(4, 8, 22, 0.85); border: 1px solid rgba(255, 255, 255, 0.15); padding: 5px 14px; border-radius: 100px; font-size: 0.76rem; font-weight: 600; color: #FFFFFF; backdrop-filter: blur(10px); z-index: 2; display: flex; align-items: center; gap: 6px; }
  615|  .case-visual { width: 100%; height: 100%; display: flex; align-items: center; justify-content: center; position: relative; }
  616|  .cv-circles { relative; width: 100px; height: 100px; display: flex; align-items: center; justify-content: center; }
     |                ^
  617|  .cv-circle { position: absolute; border-radius: 50%; border: 1.5px solid rgba(167, 139, 250, 0.6); }
  618|  .cv-circle.c1 { width: 90px; height: 90px; border-color: rgba(6, 182, 212, 0.4); animation: pulseDot 3s infinite alternate; }[39m
      at Input.error (C:\Users\mahes\OneDrive\Documents\NNR Global Technologies\node_modules\postcss\lib\input.js:135:16)
      at Parser.unknownWord (C:\Users\mahes\OneDrive\Documents\NNR Global Technologies\node_modules\postcss\lib\parser.js:602:22)
      at Parser.other (C:\Users\mahes\OneDrive\Documents\NNR Global Technologies\node_modules\postcss\lib\parser.js:444:12)
      at Parser.parse (C:\Users\mahes\OneDrive\Documents\NNR Global Technologies\node_modules\postcss\lib\parser.js:479:16)
      at parse (C:\Users\mahes\OneDrive\Documents\NNR Global Technologies\node_modules\postcss\lib\parse.js:11:12)
      at new LazyResult (C:\Users\mahes\OneDrive\Documents\NNR Global Technologies\node_modules\postcss\lib\lazy-result.js:171:16)
      at Processor.process (C:\Users\mahes\OneDrive\Documents\NNR Global Technologies\node_modules\postcss\lib\processor.js:53:14)
      at runPostCSS (file:///C:/Users/mahes/OneDrive/Documents/NNR%20Global%20Technologies/node_modules/vite/dist/node/chunks/dep-Dm0c1Wj2.js:43983:52)
      at async compilePostCSS (file:///C:/Users/mahes/OneDrive/Documents/NNR%20Global%20Technologies/node_modules/vite/dist/node/chunks/dep-Dm0c1Wj2.js:43953:18)
      at async compileCSS (file:///C:/Users/mahes/OneDrive/Documents/NNR%20Global%20Technologies/node_modules/vite/dist/node/chunks/dep-Dm0c1Wj2.js:43808:27)
[2m5:08:15 pm[22m [36m[1m[vite][22m[39m [90m[2m(client)[22m[39m [32mpage reload [39m[2mstyles.css[22m
[2m5:08:28 pm[22m [31m[1m[vite][22m[39m [31mInternal server error: [postcss] C:/Users/mahes/OneDrive/Documents/NNR Global Technologies/styles.css:761:60: Unknown word justify-around[39m
  Plugin: [35mvite:css[39m
  File: [36mC:/Users/mahes/OneDrive/Documents/NNR Global Technologies/styles.css[39m:761:59
[33m  759|    .label-bottom-left { left: -1%; }
  760|    .label-bottom-right { right: -2%; }
  761|    .hero-stats-box { gap: 1rem; padding: 1rem; width: 100%; justify-around; }
     |                                                             ^
  762|    .stat-divider { display: none; }
  763|    .industry-grid { grid-template-columns: repeat(2, 1fr); }[39m
      at Input.error (C:\Users\mahes\OneDrive\Documents\NNR Global Technologies\node_modules\postcss\lib\input.js:135:16)
      at Parser.unknownWord (C:\Users\mahes\OneDrive\Documents\NNR Global Technologies\node_modules\postcss\lib\parser.js:602:22)
      at Parser.other (C:\Users\mahes\OneDrive\Documents\NNR Global Technologies\node_modules\postcss\lib\parser.js:444:12)
      at Parser.parse (C:\Users\mahes\OneDrive\Documents\NNR Global Technologies\node_modules\postcss\lib\parser.js:479:16)
      at parse (C:\Users\mahes\OneDrive\Documents\NNR Global Technologies\node_modules\postcss\lib\parse.js:11:12)
      at new LazyResult (C:\Users\mahes\OneDrive\Documents\NNR Global Technologies\node_modules\postcss\lib\lazy-result.js:171:16)
      at Processor.process (C:\Users\mahes\OneDrive\Documents\NNR Global Technologies\node_modules\postcss\lib\processor.js:53:14)
      at runPostCSS (file:///C:/Users/mahes/OneDrive/Documents/NNR%20Global%20Technologies/node_modules/vite/dist/node/chunks/dep-Dm0c1Wj2.js:43983:52)
      at async compilePostCSS (file:///C:/Users/mahes/OneDrive/Documents/NNR%20Global%20Technologies/node_modules/vite/dist/node/chunks/dep-Dm0c1Wj2.js:43953:18)
      at async compileCSS (file:///C:/Users/mahes/OneDrive/Documents/NNR%20Global%20Technologies/node_modules/vite/dist/node/chunks/dep-Dm0c1Wj2.js:43808:27)
[2m5:08:42 pm[22m [36m[1m[vite][22m[39m [90m[2m(client)[22m[39m [32mpage reload [39m[2mstyles.css[22m
[2m5:09:48 pm[22m [36m[1m[vite][22m[39m [90m[2m(client)[22m[39m [32mhmr update [39m[2m/styles.css?direct, /styles.css[22m
[2m5:12:38 pm[22m [36m[1m[vite][22m[39m [90m[2m(client)[22m[39m [32mpage reload [39m[2mindex.html[22m
[2m5:12:41 pm[22m [36m[1m[vite][22m[39m [90m[2m(client)[22m[39m [32mhmr update [39m[2m/styles.css?direct, /styles.css[22m
[2m5:12:44 pm[22m [36m[1m[vite][22m[39m [90m[2m(client)[22m[39m [32mpage reload [39m[2mscript.js[22m
[2m5:16:48 pm[22m [36m[1m[vite][22m[39m [90m[2m(client)[22m[39m [32mpage reload [39m[2mindex.html[22m
[2m5:16:51 pm[22m [36m[1m[vite][22m[39m [90m[2m(client)[22m[39m [32mhmr update [39m[2m/styles.css?direct, /styles.css[22m
[2m5:18:12 pm[22m [36m[1m[vite][22m[39m [90m[2m(client)[22m[39m [32mpage reload [39m[2mindex.html[22m
[2m5:18:14 pm[22m [36m[1m[vite][22m[39m [90m[2m(client)[22m[39m [32mhmr update [39m[2m/styles.css?direct, /styles.css[22m
[2m5:19:47 pm[22m [36m[1m[vite][22m[39m [90m[2m(client)[22m[39m [32mpage reload [39m[2mindex.html[22m
[2m5:19:50 pm[22m [36m[1m[vite][22m[39m [90m[2m(client)[22m[39m [32mhmr update [39m[2m/styles.css?direct, /styles.css[22m
[2m5:24:05 pm[22m [36m[1m[vite][22m[39m [90m[2m(client)[22m[39m [32mpage reload [39m[2mindex.html[22m
[2m5:24:08 pm[22m [36m[1m[vite][22m[39m [90m[2m(client)[22m[39m [32mhmr update [39m[2m/styles.css?direct, /styles.css[22m
[2m5:35:01 pm[22m [36m[1m[vite][22m[39m [90m[2m(client)[22m[39m [32mpage reload [39m[2mindex.html[22m
[2m5:35:04 pm[22m [36m[1m[vite][22m[39m [90m[2m(client)[22m[39m [32mhmr update [39m[2m/styles.css?direct, /styles.css[22m
[2m5:38:44 pm[22m [36m[1m[vite][22m[39m [90m[2m(client)[22m[39m [32mpage reload [39m[2mindex.html[22m
[2m5:38:47 pm[22m [36m[1m[vite][22m[39m [90m[2m(client)[22m[39m [32mhmr update [39m[2m/styles.css?direct, /styles.css[22m
[2m5:38:49 pm[22m [36m[1m[vite][22m[39m [90m[2m(client)[22m[39m [32mpage reload [39m[2mscript.js[22m
[2m5:38:52 pm[22m [36m[1m[vite][22m[39m [90m[2m(client)[22m[39m [32m✨ new dependencies optimized: [33mthree[32m[39m
